This is my license file
and ends like this.
1
2
3
4
