<!--
This is my license file
and ends like this.
-->

<h1>Hello</h1>
